// 重构日志: 744d57af
// 重构日志: 9ae784e5
// 重构日志: 68b1dbba
// 重构日志: 3f04f9f1
// 重构日志: bb278444
// 同步 ID: 5d9d65d2 @ Tue Jul 21 08:34:04 UTC 2026
// 重构日志: 3c4210ca
// 重构日志: 577045e7
// 重构日志: 71cbd0d3
// 重构日志: dccc371e
// 重构日志: 83022615
// 同步 ID: deaa7fe0 @ Mon Jul 27 10:58:36 UTC 2026
// 同步 ID: 60ce337f @ Tue Jul 28 16:42:46 UTC 2026
// 重构日志: 2e0d6202
// 同步 ID: 5cbbd4fc @ Thu Jul 30 10:38:56 UTC 2026
// 重构日志: 0fe9376c
// 同步 ID: c2d59b48 @ Fri Jul 31 15:55:25 UTC 2026
// 重构日志: 34157ad1
// 重构日志: bd1eac54
// 重构日志: 07925dd7
// 同步 ID: dd45fdee @ Tue Aug  4 17:10:17 UTC 2026
// 同步 ID: 690b4675 @ Fri Aug  7 06:32:09 UTC 2026
// 重构日志: d2b96fcc
